public override fun onCreate(savedInstanceState: Bundle?): Unit {
    super.onCreate(savedInstanceState)
    UI {
        frameLayout {
            layoutParams(FrameLayout.MATCH_PARENT, FrameLayout.MATCH_PARENT) { }
            linearLayout {
                orientation = vertical
                layoutParams(LinearLayout.MATCH_PARENT, LinearLayout.MATCH_PARENT) { }
                textView(text = "Enter your password") {
                    layoutParams(LinearLayout.WRAP_CONTENT, LinearLayout.WRAP_CONTENT) { }
                }
                editText {
                    inputType = textPassword
                    layoutParams(LinearLayout.WRAP_CONTENT, LinearLayout.MATCH_PARENT) { }
                    requestFocus {
                    }
                }
                textView(text = "Repeat your password") {
                    layoutParams(LinearLayout.WRAP_CONTENT, LinearLayout.WRAP_CONTENT) { }
                }
                editText {
                    inputType = textPassword
                    layoutParams(LinearLayout.WRAP_CONTENT, LinearLayout.MATCH_PARENT) { }
                }
                button(text = "Sign in") {
                    layoutParams(LinearLayout.WRAP_CONTENT, LinearLayout.MATCH_PARENT) { }
                }
            }
            scrollBar {
            }
        }
    }
}
